../Core/Src/main.c:71:6:microDelay	16	static
../Core/Src/main.c:77:9:DHT11_Start	32	static
../Core/Src/main.c:108:9:DHT11_Read	16	static
../Core/Src/main.c:134:5:__io_putchar	24	static
../Core/Src/main.c:151:5:main	16	static
../Core/Src/main.c:225:6:SystemClock_Config	96	static
../Core/Src/main.c:275:13:MX_TIM1_Init	40	static
../Core/Src/main.c:322:13:MX_USART2_UART_Init	8	static
../Core/Src/main.c:357:13:MX_GPIO_Init	48	static
../Core/Src/main.c:407:6:Error_Handler	4	static,ignoring_inline_asm
