13:42:16 **** Incremental Build of configuration Debug for project DHT11test ****
make -j4 all 
arm-none-eabi-gcc "../Core/Src/main.c" -mcpu=cortex-m4 -std=gnu11 -g3 -DDEBUG -DUSE_HAL_DRIVER -DSTM32L476xx -c -I../Core/Inc -I../Drivers/STM32L4xx_HAL_Driver/Inc -I../Drivers/STM32L4xx_HAL_Driver/Inc/Legacy -I../Drivers/CMSIS/Device/ST/STM32L4xx/Include -I../Drivers/CMSIS/Include -O0 -ffunction-sections -fdata-sections -Wall -fstack-usage -fcyclomatic-complexity -MMD -MP -MF"Core/Src/main.d" -MT"Core/Src/main.o" --specs=nano.specs -mfpu=fpv4-sp-d16 -mfloat-abi=hard -mthumb -o "Core/Src/main.o"
arm-none-eabi-gcc -o "DHT11test.elf" @"objects.list"   -mcpu=cortex-m4 -T"C:\Users\User\Desktop\stm32\stm32\dht11\DHT11test\STM32L476RGTX_FLASH.ld" --specs=nosys.specs -Wl,-Map="DHT11test.map" -Wl,--gc-sections -static --specs=nano.specs -mfpu=fpv4-sp-d16 -mfloat-abi=hard -mthumb -u _printf_float -Wl,--start-group -lc -lm -Wl,--end-group
Finished building target: DHT11test.elf
 
arm-none-eabi-size  DHT11test.elf 
arm-none-eabi-objdump -h -S DHT11test.elf  > "DHT11test.list"
   text	   data	    bss	    dec	    hex	filename
  30404	    476	   2148	  33028	   8104	DHT11test.elf
Finished building: default.size.stdout
 
Finished building: DHT11test.list
 
13:42:19 **** Incremental Build of configuration Debug for project DHT11test ****
make -j4 all 
arm-none-eabi-size  DHT11test.elf 
   text	   data	    bss	    dec	    hex	filename
  30404	    476	   2148	  33028	   8104	DHT11test.elf
Finished building: default.size.stdout
 
