../Core/Src/main.c:52:5:__io_putchar	16	static
../Core/Src/main.c:78:6:HAL_GPIO_EXTI_Callback	16	static
../Core/Src/main.c:94:6:line_append	16	static
../Core/Src/main.c:124:6:send_next_message	8	static
../Core/Src/main.c:147:6:HAL_UART_RxCpltCallback	16	static
../Core/Src/main.c:155:6:HAL_UART_TxCpltCallback	16	static
../Core/Src/main.c:167:5:main	8	static
../Core/Src/main.c:216:6:SystemClock_Config	96	static
../Core/Src/main.c:266:13:MX_USART2_UART_Init	8	static
../Core/Src/main.c:301:13:MX_GPIO_Init	48	static
../Core/Src/main.c:345:6:Error_Handler	4	static,ignoring_inline_asm
