22:54:08 **** Incremental Build of configuration Debug for project project9dma ****
make -j4 all 
arm-none-eabi-gcc "../Core/Src/main.c" -mcpu=cortex-m4 -std=gnu11 -g3 -DDEBUG -DUSE_HAL_DRIVER -DSTM32L476xx -c -I../Core/Inc -I../Drivers/STM32L4xx_HAL_Driver/Inc -I../Drivers/STM32L4xx_HAL_Driver/Inc/Legacy -I../Drivers/CMSIS/Device/ST/STM32L4xx/Include -I../Drivers/CMSIS/Include -O0 -ffunction-sections -fdata-sections -Wall -fstack-usage -fcyclomatic-complexity -MMD -MP -MF"Core/Src/main.d" -MT"Core/Src/main.o" --specs=nano.specs -mfpu=fpv4-sp-d16 -mfloat-abi=hard -mthumb -o "Core/Src/main.o"
arm-none-eabi-gcc "../Core/Src/stm32l4xx_it.c" -mcpu=cortex-m4 -std=gnu11 -g3 -DDEBUG -DUSE_HAL_DRIVER -DSTM32L476xx -c -I../Core/Inc -I../Drivers/STM32L4xx_HAL_Driver/Inc -I../Drivers/STM32L4xx_HAL_Driver/Inc/Legacy -I../Drivers/CMSIS/Device/ST/STM32L4xx/Include -I../Drivers/CMSIS/Include -O0 -ffunction-sections -fdata-sections -Wall -fstack-usage -fcyclomatic-complexity -MMD -MP -MF"Core/Src/stm32l4xx_it.d" -MT"Core/Src/stm32l4xx_it.o" --specs=nano.specs -mfpu=fpv4-sp-d16 -mfloat-abi=hard -mthumb -o "Core/Src/stm32l4xx_it.o"
../Core/Src/main.c: In function 'main':
../Core/Src/main.c:120:5: warning: implicit declaration of function 'printf' [-Wimplicit-function-declaration]
  120 |     printf("value1=%u, value2=%u\n", value[0], value[1]);
      |     ^~~~~~
../Core/Src/main.c:21:1: note: include '<stdio.h>' or provide a declaration of 'printf'
   20 | #include "main.h"
  +++ |+#include <stdio.h>
   21 | 
../Core/Src/main.c:120:5: warning: incompatible implicit declaration of built-in function 'printf' [-Wbuiltin-declaration-mismatch]
  120 |     printf("value1=%u, value2=%u\n", value[0], value[1]);
      |     ^~~~~~
../Core/Src/main.c:120:5: note: include '<stdio.h>' or provide a declaration of 'printf'
arm-none-eabi-gcc -o "project9dma.elf" @"objects.list"   -mcpu=cortex-m4 -T"C:\Users\User\Desktop\stm32\stm32\forbotCourse\project9dma\STM32L476RGTX_FLASH.ld" --specs=nosys.specs -Wl,-Map="project9dma.map" -Wl,--gc-sections -static --specs=nano.specs -mfpu=fpv4-sp-d16 -mfloat-abi=hard -mthumb -Wl,--start-group -lc -lm -Wl,--end-group
Finished building target: project9dma.elf
 
arm-none-eabi-size  project9dma.elf 
arm-none-eabi-objdump -h -S project9dma.elf  > "project9dma.list"
   text	   data	    bss	    dec	    hex	filename
  23836	    112	   2216	  26164	   6634	project9dma.elf
Finished building: default.size.stdout
 
Finished building: project9dma.list
 
22:54:21 **** Incremental Build of configuration Debug for project project9dma ****
make -j4 all 
arm-none-eabi-size  project9dma.elf 
   text	   data	    bss	    dec	    hex	filename
  23836	    112	   2216	  26164	   6634	project9dma.elf
Finished building: default.size.stdout
 
