11:20:40 **** Incremental Build of configuration Debug for project stage3 ****
make -j4 all 
arm-none-eabi-gcc "../Core/Src/main.c" -mcpu=cortex-m4 -std=gnu11 -g3 -DDEBUG -DUSE_HAL_DRIVER -DSTM32L476xx -c -I../Core/Inc -I../Drivers/STM32L4xx_HAL_Driver/Inc -I../Drivers/STM32L4xx_HAL_Driver/Inc/Legacy -I../Drivers/CMSIS/Device/ST/STM32L4xx/Include -I../Drivers/CMSIS/Include -O0 -ffunction-sections -fdata-sections -Wall -fstack-usage -fcyclomatic-complexity -MMD -MP -MF"Core/Src/main.d" -MT"Core/Src/main.o" --specs=nano.specs -mfpu=fpv4-sp-d16 -mfloat-abi=hard -mthumb -o "Core/Src/main.o"
arm-none-eabi-gcc -o "stage3.elf" @"objects.list"   -mcpu=cortex-m4 -T"C:\Users\User\Desktop\stm32\stm32\pdCourse\stage3\STM32L476RGTX_FLASH.ld" --specs=nosys.specs -Wl,-Map="stage3.map" -Wl,--gc-sections -static --specs=nano.specs -mfpu=fpv4-sp-d16 -mfloat-abi=hard -mthumb -Wl,--start-group -lc -lm -Wl,--end-group
Finished building target: stage3.elf
 
arm-none-eabi-size  stage3.elf 
arm-none-eabi-objdump -h -S stage3.elf  > "stage3.list"
   text	   data	    bss	    dec	    hex	filename
  12400	     20	   1708	  14128	   3730	stage3.elf
Finished building: default.size.stdout
 
Finished building: stage3.list
 
11:20:49 **** Incremental Build of configuration Debug for project stage3 ****
make -j4 all 
arm-none-eabi-size  stage3.elf 
   text	   data	    bss	    dec	    hex	filename
  12400	     20	   1708	  14128	   3730	stage3.elf
Finished building: default.size.stdout
 
